stm32f4xx_ll_i2c.h:1237:26:LL_I2C_IsActiveFlag_TXE	16	static
stm32f4xx_ll_i2c.h:1250:26:LL_I2C_IsActiveFlag_BTF	16	static
stm32f4xx_ll_i2c.h:1263:26:LL_I2C_IsActiveFlag_RXNE	16	static
stm32f4xx_ll_i2c.h:1276:26:LL_I2C_IsActiveFlag_SB	16	static
stm32f4xx_ll_i2c.h:1289:26:LL_I2C_IsActiveFlag_ADDR	16	static
stm32f4xx_ll_i2c.h:1504:22:LL_I2C_ClearFlag_ADDR	24	static
stm32f4xx_ll_i2c.h:1675:22:LL_I2C_GenerateStartCondition	16	static
stm32f4xx_ll_i2c.h:1686:22:LL_I2C_GenerateStopCondition	16	static
stm32f4xx_ll_i2c.h:1836:25:LL_I2C_ReceiveData8	16	static
stm32f4xx_ll_i2c.h:1848:22:LL_I2C_TransmitData8	16	static
icm_20948_controller.c:4:6:IMU_Reset	8	static
icm_20948_controller.c:12:6:Mag_Reset	8	static
icm_20948_controller.c:19:6:Get_Acc_Gyr	32	static
icm_20948_controller.c:30:6:Get_Mag	32	static
icm_20948_controller.c:42:6:Get_Sensor	16	static
icm_20948_controller.c:48:9:I2C1_Read	40	static
icm_20948_controller.c:72:6:I2C1_Write	16	static
icm_20948_controller.c:80:6:IMU_Wake	8	static
icm_20948_controller.c:85:6:IMU_Bank	16	static
icm_20948_controller.c:89:6:IMU_Bypass	8	static
icm_20948_controller.c:93:6:I2C1_Start	8	static
icm_20948_controller.c:99:6:I2C1_Stop	8	static
icm_20948_controller.c:104:6:I2C1_Address	16	static
icm_20948_controller.c:111:6:I2C1_Transmit	16	static
icm_20948_controller.c:118:9:I2C1_Receive	8	static
icm_20948_controller.c:124:6:I2C1_ACK	4	static
icm_20948_controller.c:129:6:I2C1_NACK	4	static
