core_cm4.h:1657:22:__NVIC_SetPriorityGrouping	24	static
stm32f4xx_ll_i2c.h:569:22:LL_I2C_EnableClockStretching	16	static
stm32f4xx_ll_i2c.h:616:22:LL_I2C_DisableGeneralCall	16	static
stm32f4xx_ll_i2c.h:658:22:LL_I2C_SetOwnAddress2	16	static
stm32f4xx_ll_i2c.h:680:22:LL_I2C_DisableOwnAddress2	16	static
stm32f4xx_ll_rcc.h:2989:22:LL_RCC_HSI_Enable	4	static
stm32f4xx_ll_rcc.h:3009:26:LL_RCC_HSI_IsReady	4	static
stm32f4xx_ll_rcc.h:3035:22:LL_RCC_HSI_SetCalibTrimming	16	static
stm32f4xx_ll_rcc.h:3190:22:LL_RCC_SetSysClkSource	16	static
stm32f4xx_ll_rcc.h:3206:26:LL_RCC_GetSysClkSource	4	static
stm32f4xx_ll_rcc.h:3226:22:LL_RCC_SetAHBPrescaler	16	static
stm32f4xx_ll_rcc.h:3242:22:LL_RCC_SetAPB1Prescaler	16	static
stm32f4xx_ll_rcc.h:3258:22:LL_RCC_SetAPB2Prescaler	16	static
stm32f4xx_ll_rcc.h:4155:22:LL_RCC_SetTIMPrescaler	16	static
stm32f4xx_ll_bus.h:411:22:LL_AHB1_GRP1_EnableClock	24	static
stm32f4xx_ll_bus.h:1187:22:LL_APB1_GRP1_EnableClock	24	static
stm32f4xx_ll_bus.h:1706:22:LL_APB2_GRP1_EnableClock	24	static
stm32f4xx_ll_system.h:1542:22:LL_FLASH_SetLatency	16	static
stm32f4xx_ll_system.h:1568:26:LL_FLASH_GetLatency	4	static
stm32f4xx_ll_pwr.h:507:22:LL_PWR_SetRegulVoltageScaling	16	static
stm32f4xx_ll_tim.h:1233:22:LL_TIM_DisableARRPreload	16	static
stm32f4xx_ll_usart.h:409:22:LL_USART_Enable	16	static
stm32f4xx_ll_usart.h:1478:22:LL_USART_ConfigAsyncMode	16	static
stm32f4xx_ll_usart.h:1802:26:LL_USART_IsActiveFlag_TC	16	static
stm32f4xx_ll_usart.h:2425:22:LL_USART_TransmitData8	16	static
stm32f4xx_ll_gpio.h:911:22:LL_GPIO_ResetOutputPin	16	static
stm32f4xx_ll_gpio.h:940:22:LL_GPIO_TogglePin	16	static
main.c:76:5:main	144	static
main.c:176:6:SystemClock_Config	8	static
main.c:211:13:MX_I2C1_Init	64	static
main.c:265:13:MX_TIM10_Init	32	static
main.c:297:13:MX_USART2_UART_Init	64	static
main.c:348:13:MX_GPIO_Init	32	static
main.c:371:13:USART2_Send_16	24	static
main.c:384:1:__io_putchar	16	static
main.c:401:6:Error_Handler	4	static,ignoring_inline_asm
